2024-05-01 10:00:00 INFO 服务启动成功
2024-05-01 10:01:00 ERROR 数据库连接失败
2024-05-01 10:02:00 WARN 内存使用率超过80%
2024-05-01 10:03:00 ERROR 接口调用超时
2024-05-01 10:04:00 INFO 服务恢复正常